Flow report for DE10NANOrsyocto
Mon Dec 16 03:07:53 2019
Quartus Prime Version 18.1.0 Build 625 09/12/2018 SJ Lite Edition


---------------------
; Table of Contents ;
---------------------
  1. Legal Notice
  2. Flow Summary
  3. Flow Settings
  4. Flow Non-Default Global Settings
  5. Flow Elapsed Time
  6. Flow OS Summary
  7. Flow Log
  8. Flow Messages
  9. Flow Suppressed Messages



----------------
; Legal Notice ;
----------------
Copyright (C) 2018  Intel Corporation. All rights reserved.
Your use of Intel Corporation's design tools, logic functions 
and other software and tools, and its AMPP partner logic 
functions, and any output files from any of the foregoing 
(including device programming or simulation files), and any 
associated documentation or information are expressly subject 
to the terms and conditions of the Intel Program License 
Subscription Agreement, the Intel Quartus Prime License Agreement,
the Intel FPGA IP License Agreement, or other applicable license
agreement, including, without limitation, that your use is for
the sole purpose of programming logic devices manufactured by
Intel and sold by Intel or its authorized distributors.  Please
refer to the applicable agreement for further details.



+-------------------------------------------------------------------------------+
; Flow Summary                                                                  ;
+---------------------------------+---------------------------------------------+
; Flow Status                     ; Successful - Mon Dec 16 03:07:15 2019       ;
; Quartus Prime Version           ; 18.1.0 Build 625 09/12/2018 SJ Lite Edition ;
; Revision Name                   ; DE10NANOrsyocto                             ;
; Top-level Entity Name           ; DE10NANOrsyocto                             ;
; Family                          ; Cyclone V                                   ;
; Device                          ; 5CSEBA6U23I7                                ;
; Timing Models                   ; Final                                       ;
; Logic utilization (in ALMs)     ; 1 / 41,910 ( < 1 % )                        ;
; Total registers                 ; 226                                         ;
; Total pins                      ; 145 / 314 ( 46 % )                          ;
; Total virtual pins              ; 0                                           ;
; Total block memory bits         ; 0 / 5,662,720 ( 0 % )                       ;
; Total DSP Blocks                ; 0 / 112 ( 0 % )                             ;
; Total HSSI RX PCSs              ; 0                                           ;
; Total HSSI PMA RX Deserializers ; 0                                           ;
; Total HSSI TX PCSs              ; 0                                           ;
; Total HSSI PMA TX Serializers   ; 0                                           ;
; Total PLLs                      ; 0 / 6 ( 0 % )                               ;
; Total DLLs                      ; 1 / 4 ( 25 % )                              ;
+---------------------------------+---------------------------------------------+


+-----------------------------------------+
; Flow Settings                           ;
+-------------------+---------------------+
; Option            ; Setting             ;
+-------------------+---------------------+
; Start date & time ; 12/16/2019 03:02:40 ;
; Main task         ; Compilation         ;
; Revision Name     ; DE10NANOrsyocto     ;
+-------------------+---------------------+


+----------------------------------------------------------------------------------------------------------------------------------------------------------------------------+
; Flow Non-Default Global Settings                                                                                                                                           ;
+---------------------------------------+------------------------------------------------------------------------+---------------+------------------------------+------------+
; Assignment Name                       ; Value                                                                  ; Default Value ; Entity Name                  ; Section Id ;
+---------------------------------------+------------------------------------------------------------------------+---------------+------------------------------+------------+
; COMPILER_SIGNATURE_ID                 ; 255543657905904.157646175420332                                        ; --            ; --                           ; --         ;
; ECO_REGENERATE_REPORT                 ; On                                                                     ; Off           ; --                           ; --         ;
; HPS_ISW_FILE                          ; base_hps/synthesis/submodules/sequencer/alt_types.pre.h                ; --            ; base_hps_hps_0_hps_io_border ; --         ;
; HPS_ISW_FILE                          ; base_hps/synthesis/submodules/sequencer/emif.pre.xml                   ; --            ; base_hps_hps_0_hps_io_border ; --         ;
; HPS_ISW_FILE                          ; base_hps/synthesis/submodules/sequencer/sdram_io.pre.h                 ; --            ; base_hps_hps_0_hps_io_border ; --         ;
; HPS_ISW_FILE                          ; base_hps/synthesis/submodules/sequencer/sequencer.pre.c                ; --            ; base_hps_hps_0_hps_io_border ; --         ;
; HPS_ISW_FILE                          ; base_hps/synthesis/submodules/sequencer/sequencer.pre.h                ; --            ; base_hps_hps_0_hps_io_border ; --         ;
; HPS_ISW_FILE                          ; base_hps/synthesis/submodules/sequencer/sequencer_auto.pre.h           ; --            ; base_hps_hps_0_hps_io_border ; --         ;
; HPS_ISW_FILE                          ; base_hps/synthesis/submodules/sequencer/sequencer_auto_ac_init.pre.c   ; --            ; base_hps_hps_0_hps_io_border ; --         ;
; HPS_ISW_FILE                          ; base_hps/synthesis/submodules/sequencer/sequencer_auto_inst_init.pre.c ; --            ; base_hps_hps_0_hps_io_border ; --         ;
; HPS_ISW_FILE                          ; base_hps/synthesis/submodules/sequencer/sequencer_defines.pre.h        ; --            ; base_hps_hps_0_hps_io_border ; --         ;
; HPS_ISW_FILE                          ; base_hps/synthesis/submodules/sequencer/system.pre.h                   ; --            ; base_hps_hps_0_hps_io_border ; --         ;
; HPS_ISW_FILE                          ; base_hps/synthesis/submodules/sequencer/tclrpt.pre.c                   ; --            ; base_hps_hps_0_hps_io_border ; --         ;
; HPS_ISW_FILE                          ; base_hps/synthesis/submodules/sequencer/tclrpt.pre.h                   ; --            ; base_hps_hps_0_hps_io_border ; --         ;
; HPS_ISW_FILE                          ; base_hps/synthesis/submodules/hps.pre.xml                              ; --            ; base_hps_hps_0_hps_io_border ; --         ;
; HPS_PARTITION                         ; On                                                                     ; --            ; base_hps_hps_0_hps_io_border ; --         ;
; MAX_CORE_JUNCTION_TEMP                ; 100                                                                    ; --            ; --                           ; --         ;
; MIN_CORE_JUNCTION_TEMP                ; -40                                                                    ; --            ; --                           ; --         ;
; MISC_FILE                             ; base_hps/synthesis/../base_hps.cmp                                     ; --            ; --                           ; --         ;
; MISC_FILE                             ; base_hps/synthesis/../../C                                             ; --            ; --                           ; --         ;
; MISC_FILE                             ; base_hps/synthesis/base_hps_hps_0_hps.svd                              ; --            ; --                           ; --         ;
; MISC_FILE                             ; base_hps/synthesis/../../base_hps.qsys                                 ; --            ; --                           ; --         ;
; MISC_FILE                             ; base_hps/synthesis/submodules/sequencer/alt_types.pre.h                ; --            ; --                           ; --         ;
; MISC_FILE                             ; base_hps/synthesis/submodules/sequencer/emif.pre.xml                   ; --            ; --                           ; --         ;
; MISC_FILE                             ; base_hps/synthesis/submodules/sequencer/sdram_io.pre.h                 ; --            ; --                           ; --         ;
; MISC_FILE                             ; base_hps/synthesis/submodules/sequencer/sequencer.pre.c                ; --            ; --                           ; --         ;
; MISC_FILE                             ; base_hps/synthesis/submodules/sequencer/sequencer.pre.h                ; --            ; --                           ; --         ;
; MISC_FILE                             ; base_hps/synthesis/submodules/sequencer/sequencer_auto.pre.h           ; --            ; --                           ; --         ;
; MISC_FILE                             ; base_hps/synthesis/submodules/sequencer/sequencer_auto_ac_init.pre.c   ; --            ; --                           ; --         ;
; MISC_FILE                             ; base_hps/synthesis/submodules/sequencer/sequencer_auto_inst_init.pre.c ; --            ; --                           ; --         ;
; MISC_FILE                             ; base_hps/synthesis/submodules/sequencer/sequencer_defines.pre.h        ; --            ; --                           ; --         ;
; MISC_FILE                             ; base_hps/synthesis/submodules/sequencer/system.pre.h                   ; --            ; --                           ; --         ;
; MISC_FILE                             ; base_hps/synthesis/submodules/sequencer/tclrpt.pre.c                   ; --            ; --                           ; --         ;
; MISC_FILE                             ; base_hps/synthesis/submodules/sequencer/tclrpt.pre.h                   ; --            ; --                           ; --         ;
; MISC_FILE                             ; base_hps/synthesis/submodules/hps.pre.xml                              ; --            ; --                           ; --         ;
; PARTITION_COLOR                       ; -- (Not supported for targeted family)                                 ; --            ; --                           ; Top        ;
; PARTITION_FITTER_PRESERVATION_LEVEL   ; -- (Not supported for targeted family)                                 ; --            ; --                           ; Top        ;
; PARTITION_NETLIST_TYPE                ; -- (Not supported for targeted family)                                 ; --            ; --                           ; Top        ;
; POWER_BOARD_THERMAL_MODEL             ; None (CONSERVATIVE)                                                    ; --            ; --                           ; --         ;
; POWER_PRESET_COOLING_SOLUTION         ; 23 MM HEAT SINK WITH 200 LFPM AIRFLOW                                  ; --            ; --                           ; --         ;
; SLD_FILE                              ; base_hps/synthesis/base_hps.regmap                                     ; --            ; --                           ; --         ;
; SLD_FILE                              ; base_hps/synthesis/base_hps.debuginfo                                  ; --            ; --                           ; --         ;
; SLD_INFO                              ; QSYS_NAME base_hps HAS_SOPCINFO 1 GENERATION_ID 1576246417             ; --            ; base_hps                     ; --         ;
; SOPCINFO_FILE                         ; base_hps/synthesis/../../base_hps.sopcinfo                             ; --            ; --                           ; --         ;
; SYNTHESIS_ONLY_QIP                    ; On                                                                     ; --            ; --                           ; --         ;
; USE_DLL_FREQUENCY_FOR_DQS_DELAY_CHAIN ; On                                                                     ; Off           ; --                           ; --         ;
+---------------------------------------+------------------------------------------------------------------------+---------------+------------------------------+------------+


+--------------------------------------------------------------------------------------------------------------------------+
; Flow Elapsed Time                                                                                                        ;
+----------------------+--------------+-------------------------+---------------------+------------------------------------+
; Module Name          ; Elapsed Time ; Average Processors Used ; Peak Virtual Memory ; Total CPU Time (on all processors) ;
+----------------------+--------------+-------------------------+---------------------+------------------------------------+
; Analysis & Synthesis ; 00:00:29     ; 1.0                     ; 5053 MB             ; 00:00:40                           ;
; Fitter               ; 00:01:23     ; 1.1                     ; 7480 MB             ; 00:02:20                           ;
; Assembler            ; 00:00:11     ; 1.0                     ; 4874 MB             ; 00:00:11                           ;
; Timing Analyzer      ; 00:00:37     ; 1.0                     ; 5799 MB             ; 00:00:35                           ;
; Total                ; 00:02:40     ; --                      ; --                  ; 00:03:46                           ;
+----------------------+--------------+-------------------------+---------------------+------------------------------------+


+-------------------------------------------------------------------------------------+
; Flow OS Summary                                                                     ;
+----------------------+-------------------+------------+------------+----------------+
; Module Name          ; Machine Hostname  ; OS Name    ; OS Version ; Processor type ;
+----------------------+-------------------+------------+------------+----------------+
; Analysis & Synthesis ; robsebThinkPadP52 ; Windows 10 ; 10.0       ; x86_64         ;
; Fitter               ; robsebThinkPadP52 ; Windows 10 ; 10.0       ; x86_64         ;
; Assembler            ; robsebThinkPadP52 ; Windows 10 ; 10.0       ; x86_64         ;
; Timing Analyzer      ; robsebThinkPadP52 ; Windows 10 ; 10.0       ; x86_64         ;
+----------------------+-------------------+------------+------------+----------------+


------------
; Flow Log ;
------------
quartus_map --read_settings_files=on --write_settings_files=off DE10NANOrsyocto -c DE10NANOrsyocto
quartus_fit --read_settings_files=off --write_settings_files=off DE10NANOrsyocto -c DE10NANOrsyocto
quartus_asm --read_settings_files=off --write_settings_files=off DE10NANOrsyocto -c DE10NANOrsyocto
quartus_sta DE10NANOrsyocto -c DE10NANOrsyocto



