Flow report for a10s
Mon Dec 16 18:02:56 2019
Quartus Prime Version 18.1.0 Build 625 09/12/2018 SJ Standard Edition


---------------------
; Table of Contents ;
---------------------
  1. Legal Notice
  2. Flow Summary
  3. Flow Settings
  4. Flow Non-Default Global Settings
  5. Flow Elapsed Time
  6. Flow OS Summary
  7. Flow Log
  8. Flow Messages
  9. Flow Suppressed Messages



----------------
; Legal Notice ;
----------------
Copyright (C) 2018  Intel Corporation. All rights reserved.
Your use of Intel Corporation's design tools, logic functions 
and other software and tools, and its AMPP partner logic 
functions, and any output files from any of the foregoing 
(including device programming or simulation files), and any 
associated documentation or information are expressly subject 
to the terms and conditions of the Intel Program License 
Subscription Agreement, the Intel Quartus Prime License Agreement,
the Intel FPGA IP License Agreement, or other applicable license
agreement, including, without limitation, that your use is for
the sole purpose of programming logic devices manufactured by
Intel and sold by Intel or its authorized distributors.  Please
refer to the applicable agreement for further details.



+-------------------------------------------------------------------------------+
; Flow Summary                                                                  ;
+-----------------------------+-------------------------------------------------+
; Flow Status                 ; Successful - Mon Dec 16 18:02:56 2019           ;
; Quartus Prime Version       ; 18.1.0 Build 625 09/12/2018 SJ Standard Edition ;
; Revision Name               ; a10s                                            ;
; Top-level Entity Name       ; a10s                                            ;
; Family                      ; Arria 10                                        ;
; Device                      ; 10AS066K3F40E2SG                                ;
; Timing Models               ; Final                                           ;
; Logic utilization (in ALMs) ; N/A until Partition Merge                       ;
; Total registers             ; N/A until Partition Merge                       ;
; Total pins                  ; N/A until Partition Merge                       ;
; Total virtual pins          ; N/A until Partition Merge                       ;
; Total block memory bits     ; N/A until Partition Merge                       ;
; Total PLLs                  ; N/A until Partition Merge                       ;
+-----------------------------+-------------------------------------------------+


+-----------------------------------------+
; Flow Settings                           ;
+-------------------+---------------------+
; Option            ; Setting             ;
+-------------------+---------------------+
; Start date & time ; 12/16/2019 18:01:54 ;
; Main task         ; Compilation         ;
; Revision Name     ; a10s                ;
+-------------------+---------------------+


+--------------------------------------------------------------------------------------------------------------------------------------------------------------------------------------------------+
; Flow Non-Default Global Settings                                                                                                                                                                 ;
+-------------------------------------+--------------------------------------------------------------------+---------------+----------------------------------------------------------+------------+
; Assignment Name                     ; Value                                                              ; Default Value ; Entity Name                                              ; Section Id ;
+-------------------------------------+--------------------------------------------------------------------+---------------+----------------------------------------------------------+------------+
; COMPILER_SIGNATURE_ID               ; 255543657905904.157651571409348                                    ; --            ; --                                                       ; --         ;
; HPS_ISW_FILE                        ; a10s_ghrd/altera_arria10_interface_generator_140/synth/hps.pre.xml ; --            ; a10s_ghrd_altera_arria10_interface_generator_140_lkc7nyi ; --         ;
; HPS_ISW_FILE                        ; a10s_ghrd/altera_emif_arch_nf_181/synth/emif.pre.xml               ; --            ; a10s_ghrd_altera_emif_arch_nf_181_ccplvsq                ; --         ;
; MAX_CORE_JUNCTION_TEMP              ; 100                                                                ; --            ; --                                                       ; --         ;
; MESSAGE_DISABLE                     ; 10230                                                              ; --            ; a10s_ghrd_altera_arria10_interface_generator_140_lkc7nyi ; --         ;
; MESSAGE_DISABLE                     ; 10230                                                              ; --            ; a10s_ghrd_altera_arria10_interface_generator_140_q66yweq ; --         ;
; MIN_CORE_JUNCTION_TEMP              ; 0                                                                  ; --            ; --                                                       ; --         ;
; MISC_FILE                           ; a10s_ghrd/a10s_ghrd.cmp                                            ; --            ; --                                                       ; --         ;
; MISC_FILE                           ; a10s_ghrd/../D                                                     ; --            ; --                                                       ; --         ;
; MISC_FILE                           ; a10s_ghrd/a10s_ghrd_arria10_hps_hps.svd                            ; --            ; --                                                       ; --         ;
; MISC_FILE                           ; a10s_ghrd/../a10s_ghrd.qsys                                        ; --            ; --                                                       ; --         ;
; MISC_FILE                           ; a10s_ghrd/altera_emif_arch_nf_181/synth/emif.pre.xml               ; --            ; --                                                       ; --         ;
; MISC_FILE                           ; a10s_ghrd/altera_arria10_interface_generator_140/synth/hps.pre.xml ; --            ; --                                                       ; --         ;
; OUTPUT_IO_TIMING_FAR_END_VMEAS      ; Half Signal Swing                                                  ; --            ; --                                                       ; --         ;
; OUTPUT_IO_TIMING_FAR_END_VMEAS      ; Half Signal Swing                                                  ; --            ; --                                                       ; --         ;
; OUTPUT_IO_TIMING_NEAR_END_VMEAS     ; Half Vccio                                                         ; --            ; --                                                       ; --         ;
; OUTPUT_IO_TIMING_NEAR_END_VMEAS     ; Half Vccio                                                         ; --            ; --                                                       ; --         ;
; PARTITION_COLOR                     ; -- (Not supported for targeted family)                             ; --            ; --                                                       ; Top        ;
; PARTITION_FITTER_PRESERVATION_LEVEL ; -- (Not supported for targeted family)                             ; --            ; --                                                       ; Top        ;
; PARTITION_NETLIST_TYPE              ; -- (Not supported for targeted family)                             ; --            ; --                                                       ; Top        ;
; POWER_BOARD_THERMAL_MODEL           ; None (CONSERVATIVE)                                                ; --            ; --                                                       ; --         ;
; POWER_PRESET_COOLING_SOLUTION       ; 23 MM HEAT SINK WITH 200 LFPM AIRFLOW                              ; --            ; --                                                       ; --         ;
; PROJECT_OUTPUT_DIRECTORY            ; output_files                                                       ; --            ; --                                                       ; --         ;
; SLD_FILE                            ; a10s_ghrd/a10s_ghrd.regmap                                         ; --            ; --                                                       ; --         ;
; SLD_FILE                            ; a10s_ghrd/a10s_ghrd.debuginfo                                      ; --            ; --                                                       ; --         ;
; SLD_INFO                            ; QSYS_NAME a10s_ghrd HAS_SOPCINFO 1 GENERATION_ID 1576500538        ; --            ; a10s_ghrd                                                ; --         ;
; SOPCINFO_FILE                       ; a10s_ghrd/../a10s_ghrd.sopcinfo                                    ; --            ; --                                                       ; --         ;
; SYNTHESIS_ONLY_QIP                  ; On                                                                 ; --            ; --                                                       ; --         ;
+-------------------------------------+--------------------------------------------------------------------+---------------+----------------------------------------------------------+------------+


+----------------------------------------------------------------------------------------------------------------------------+
; Flow Elapsed Time                                                                                                          ;
+------------------------+--------------+-------------------------+---------------------+------------------------------------+
; Module Name            ; Elapsed Time ; Average Processors Used ; Peak Virtual Memory ; Total CPU Time (on all processors) ;
+------------------------+--------------+-------------------------+---------------------+------------------------------------+
; Analysis & Elaboration ; 00:01:02     ; 1.0                     ; 5308 MB             ; 00:01:24                           ;
; Total                  ; 00:01:02     ; --                      ; --                  ; 00:01:24                           ;
+------------------------+--------------+-------------------------+---------------------+------------------------------------+


+---------------------------------------------------------------------------------------+
; Flow OS Summary                                                                       ;
+------------------------+-------------------+------------+------------+----------------+
; Module Name            ; Machine Hostname  ; OS Name    ; OS Version ; Processor type ;
+------------------------+-------------------+------------+------------+----------------+
; Analysis & Elaboration ; robsebThinkPadP52 ; Windows 10 ; 10.0       ; x86_64         ;
+------------------------+-------------------+------------+------------+----------------+


------------
; Flow Log ;
------------
quartus_map --read_settings_files=on --write_settings_files=off a10s -c a10s --disable_all_banners --analysis_and_elaboration



