------------------------------------------------------------
Timing Analyzer Summary
------------------------------------------------------------

Type  : Slow 1100mV 85C Model Setup 'base_hps:u0|base_hps_hps_0:hps_0|base_hps_hps_0_hps_io:hps_io|base_hps_hps_0_hps_io_border:border|hps_sdram:hps_sdram_inst|hps_sdram_pll:pll|afi_clk_write_clk'
Slack : 1.730
TNS   : 0.000

Type  : Slow 1100mV 85C Model Setup 'CLOCK_50'
Slack : 9.836
TNS   : 0.000

Type  : Slow 1100mV 85C Model Hold 'base_hps:u0|base_hps_hps_0:hps_0|base_hps_hps_0_hps_io:hps_io|base_hps_hps_0_hps_io_border:border|hps_sdram:hps_sdram_inst|hps_sdram_pll:pll|afi_clk_write_clk'
Slack : 0.143
TNS   : 0.000

Type  : Slow 1100mV 85C Model Hold 'CLOCK_50'
Slack : 0.276
TNS   : 0.000

Type  : Slow 1100mV 85C Model Recovery 'base_hps:u0|base_hps_hps_0:hps_0|base_hps_hps_0_hps_io:hps_io|base_hps_hps_0_hps_io_border:border|hps_sdram:hps_sdram_inst|hps_sdram_pll:pll|afi_clk_write_clk'
Slack : 3.375
TNS   : 0.000

Type  : Slow 1100mV 85C Model Recovery 'CLOCK_50'
Slack : 14.989
TNS   : 0.000

Type  : Slow 1100mV 85C Model Removal 'base_hps:u0|base_hps_hps_0:hps_0|base_hps_hps_0_hps_io:hps_io|base_hps_hps_0_hps_io_border:border|hps_sdram:hps_sdram_inst|hps_sdram_pll:pll|afi_clk_write_clk'
Slack : 0.470
TNS   : 0.000

Type  : Slow 1100mV 85C Model Removal 'CLOCK_50'
Slack : 0.771
TNS   : 0.000

Type  : Slow 1100mV 85C Model Minimum Pulse Width 'base_hps:u0|base_hps_hps_0:hps_0|base_hps_hps_0_hps_io:hps_io|base_hps_hps_0_hps_io_border:border|hps_sdram:hps_sdram_inst|hps_sdram_pll:pll|pll_write_clk_dq_write_clk'
Slack : 0.608
TNS   : 0.000

Type  : Slow 1100mV 85C Model Minimum Pulse Width 'base_hps:u0|base_hps_hps_0:hps_0|base_hps_hps_0_hps_io:hps_io|base_hps_hps_0_hps_io_border:border|hps_sdram:hps_sdram_inst|hps_sdram_pll:pll|afi_clk_write_clk'
Slack : 0.623
TNS   : 0.000

Type  : Slow 1100mV 85C Model Minimum Pulse Width 'CLOCK_50'
Slack : 9.212
TNS   : 0.000

Type  : Slow 1100mV 0C Model Setup 'base_hps:u0|base_hps_hps_0:hps_0|base_hps_hps_0_hps_io:hps_io|base_hps_hps_0_hps_io_border:border|hps_sdram:hps_sdram_inst|hps_sdram_pll:pll|afi_clk_write_clk'
Slack : 1.727
TNS   : 0.000

Type  : Slow 1100mV 0C Model Setup 'CLOCK_50'
Slack : 10.334
TNS   : 0.000

Type  : Slow 1100mV 0C Model Hold 'base_hps:u0|base_hps_hps_0:hps_0|base_hps_hps_0_hps_io:hps_io|base_hps_hps_0_hps_io_border:border|hps_sdram:hps_sdram_inst|hps_sdram_pll:pll|afi_clk_write_clk'
Slack : 0.162
TNS   : 0.000

Type  : Slow 1100mV 0C Model Hold 'CLOCK_50'
Slack : 0.246
TNS   : 0.000

Type  : Slow 1100mV 0C Model Recovery 'base_hps:u0|base_hps_hps_0:hps_0|base_hps_hps_0_hps_io:hps_io|base_hps_hps_0_hps_io_border:border|hps_sdram:hps_sdram_inst|hps_sdram_pll:pll|afi_clk_write_clk'
Slack : 3.468
TNS   : 0.000

Type  : Slow 1100mV 0C Model Recovery 'CLOCK_50'
Slack : 15.242
TNS   : 0.000

Type  : Slow 1100mV 0C Model Removal 'base_hps:u0|base_hps_hps_0:hps_0|base_hps_hps_0_hps_io:hps_io|base_hps_hps_0_hps_io_border:border|hps_sdram:hps_sdram_inst|hps_sdram_pll:pll|afi_clk_write_clk'
Slack : 0.460
TNS   : 0.000

Type  : Slow 1100mV 0C Model Removal 'CLOCK_50'
Slack : 0.699
TNS   : 0.000

Type  : Slow 1100mV 0C Model Minimum Pulse Width 'base_hps:u0|base_hps_hps_0:hps_0|base_hps_hps_0_hps_io:hps_io|base_hps_hps_0_hps_io_border:border|hps_sdram:hps_sdram_inst|hps_sdram_pll:pll|pll_write_clk_dq_write_clk'
Slack : 0.613
TNS   : 0.000

Type  : Slow 1100mV 0C Model Minimum Pulse Width 'base_hps:u0|base_hps_hps_0:hps_0|base_hps_hps_0_hps_io:hps_io|base_hps_hps_0_hps_io_border:border|hps_sdram:hps_sdram_inst|hps_sdram_pll:pll|afi_clk_write_clk'
Slack : 0.630
TNS   : 0.000

Type  : Slow 1100mV 0C Model Minimum Pulse Width 'CLOCK_50'
Slack : 9.277
TNS   : 0.000

Type  : Fast 1100mV 85C Model Setup 'base_hps:u0|base_hps_hps_0:hps_0|base_hps_hps_0_hps_io:hps_io|base_hps_hps_0_hps_io_border:border|hps_sdram:hps_sdram_inst|hps_sdram_pll:pll|afi_clk_write_clk'
Slack : 2.110
TNS   : 0.000

Type  : Fast 1100mV 85C Model Setup 'CLOCK_50'
Slack : 13.262
TNS   : 0.000

Type  : Fast 1100mV 85C Model Hold 'base_hps:u0|base_hps_hps_0:hps_0|base_hps_hps_0_hps_io:hps_io|base_hps_hps_0_hps_io_border:border|hps_sdram:hps_sdram_inst|hps_sdram_pll:pll|afi_clk_write_clk'
Slack : 0.084
TNS   : 0.000

Type  : Fast 1100mV 85C Model Hold 'CLOCK_50'
Slack : 0.162
TNS   : 0.000

Type  : Fast 1100mV 85C Model Recovery 'base_hps:u0|base_hps_hps_0:hps_0|base_hps_hps_0_hps_io:hps_io|base_hps_hps_0_hps_io_border:border|hps_sdram:hps_sdram_inst|hps_sdram_pll:pll|afi_clk_write_clk'
Slack : 3.727
TNS   : 0.000

Type  : Fast 1100mV 85C Model Recovery 'CLOCK_50'
Slack : 16.460
TNS   : 0.000

Type  : Fast 1100mV 85C Model Removal 'CLOCK_50'
Slack : 0.485
TNS   : 0.000

Type  : Fast 1100mV 85C Model Removal 'base_hps:u0|base_hps_hps_0:hps_0|base_hps_hps_0_hps_io:hps_io|base_hps_hps_0_hps_io_border:border|hps_sdram:hps_sdram_inst|hps_sdram_pll:pll|afi_clk_write_clk'
Slack : 0.497
TNS   : 0.000

Type  : Fast 1100mV 85C Model Minimum Pulse Width 'base_hps:u0|base_hps_hps_0:hps_0|base_hps_hps_0_hps_io:hps_io|base_hps_hps_0_hps_io_border:border|hps_sdram:hps_sdram_inst|hps_sdram_pll:pll|pll_write_clk_dq_write_clk'
Slack : 0.883
TNS   : 0.000

Type  : Fast 1100mV 85C Model Minimum Pulse Width 'base_hps:u0|base_hps_hps_0:hps_0|base_hps_hps_0_hps_io:hps_io|base_hps_hps_0_hps_io_border:border|hps_sdram:hps_sdram_inst|hps_sdram_pll:pll|afi_clk_write_clk'
Slack : 0.891
TNS   : 0.000

Type  : Fast 1100mV 85C Model Minimum Pulse Width 'CLOCK_50'
Slack : 9.097
TNS   : 0.000

Type  : Fast 1100mV 0C Model Setup 'base_hps:u0|base_hps_hps_0:hps_0|base_hps_hps_0_hps_io:hps_io|base_hps_hps_0_hps_io_border:border|hps_sdram:hps_sdram_inst|hps_sdram_pll:pll|afi_clk_write_clk'
Slack : 2.110
TNS   : 0.000

Type  : Fast 1100mV 0C Model Setup 'CLOCK_50'
Slack : 14.093
TNS   : 0.000

Type  : Fast 1100mV 0C Model Hold 'base_hps:u0|base_hps_hps_0:hps_0|base_hps_hps_0_hps_io:hps_io|base_hps_hps_0_hps_io_border:border|hps_sdram:hps_sdram_inst|hps_sdram_pll:pll|afi_clk_write_clk'
Slack : 0.077
TNS   : 0.000

Type  : Fast 1100mV 0C Model Hold 'CLOCK_50'
Slack : 0.167
TNS   : 0.000

Type  : Fast 1100mV 0C Model Recovery 'base_hps:u0|base_hps_hps_0:hps_0|base_hps_hps_0_hps_io:hps_io|base_hps_hps_0_hps_io_border:border|hps_sdram:hps_sdram_inst|hps_sdram_pll:pll|afi_clk_write_clk'
Slack : 3.825
TNS   : 0.000

Type  : Fast 1100mV 0C Model Recovery 'CLOCK_50'
Slack : 16.903
TNS   : 0.000

Type  : Fast 1100mV 0C Model Removal 'CLOCK_50'
Slack : 0.418
TNS   : 0.000

Type  : Fast 1100mV 0C Model Removal 'base_hps:u0|base_hps_hps_0:hps_0|base_hps_hps_0_hps_io:hps_io|base_hps_hps_0_hps_io_border:border|hps_sdram:hps_sdram_inst|hps_sdram_pll:pll|afi_clk_write_clk'
Slack : 0.473
TNS   : 0.000

Type  : Fast 1100mV 0C Model Minimum Pulse Width 'base_hps:u0|base_hps_hps_0:hps_0|base_hps_hps_0_hps_io:hps_io|base_hps_hps_0_hps_io_border:border|hps_sdram:hps_sdram_inst|hps_sdram_pll:pll|pll_write_clk_dq_write_clk'
Slack : 0.887
TNS   : 0.000

Type  : Fast 1100mV 0C Model Minimum Pulse Width 'base_hps:u0|base_hps_hps_0:hps_0|base_hps_hps_0_hps_io:hps_io|base_hps_hps_0_hps_io_border:border|hps_sdram:hps_sdram_inst|hps_sdram_pll:pll|afi_clk_write_clk'
Slack : 0.894
TNS   : 0.000

Type  : Fast 1100mV 0C Model Minimum Pulse Width 'CLOCK_50'
Slack : 9.063
TNS   : 0.000

------------------------------------------------------------
Info: see the "DDR report" for DDR timing results
------------------------------------------------------------
------------------------------------------------------------
